[0.059s] DEBUG:colcon:Command line arguments: ['/usr/bin/colcon', 'build', '--symlink-install', '--packages-select', 'clustering']
[0.059s] DEBUG:colcon:Parsed command line arguments: Namespace(log_base=None, log_level=None, verb_name='build', build_base='build', install_base='install', merge_install=False, symlink_install=True, test_result_base=None, continue_on_error=False, executor='parallel', parallel_workers=16, event_handlers=None, ignore_user_meta=False, metas=['./colcon.meta'], base_paths=['.'], packages_ignore=None, packages_ignore_regex=None, paths=None, packages_up_to=None, packages_up_to_regex=None, packages_above=None, packages_above_and_dependencies=None, packages_above_depth=None, packages_select_by_dep=None, packages_skip_by_dep=None, packages_skip_up_to=None, packages_select_build_failed=False, packages_skip_build_finished=False, packages_select_test_failures=False, packages_skip_test_passed=False, packages_select=['clustering'], packages_skip=None, packages_select_regex=None, packages_skip_regex=None, packages_start=None, packages_end=None, allow_overriding=[], cmake_args=None, cmake_target=None, cmake_target_skip_unavailable=False, cmake_clean_cache=False, cmake_clean_first=False, cmake_force_configure=False, ament_cmake_args=None, catkin_cmake_args=None, catkin_skip_building_tests=False, mixin_files=None, mixin=None, verb_parser=<colcon_mixin.mixin.mixin_argument.MixinArgumentDecorator object at 0x7433bbbb27e0>, verb_extension=<colcon_core.verb.build.BuildVerb object at 0x7433bbcc78f0>, main=<bound method BuildVerb.main of <colcon_core.verb.build.BuildVerb object at 0x7433bbcc78f0>>, mixin_verb=('build',))
[0.082s] Level 1:colcon.colcon_core.package_discovery:discover_packages(colcon_meta) check parameters
[0.082s] Level 1:colcon.colcon_core.package_discovery:discover_packages(recursive) check parameters
[0.082s] Level 1:colcon.colcon_core.package_discovery:discover_packages(ignore) check parameters
[0.082s] Level 1:colcon.colcon_core.package_discovery:discover_packages(path) check parameters
[0.082s] Level 1:colcon.colcon_core.package_discovery:discover_packages(colcon_meta) discover
[0.082s] Level 1:colcon.colcon_core.package_discovery:discover_packages(recursive) discover
[0.082s] INFO:colcon.colcon_core.package_discovery:Crawling recursively for packages in '/home/akilasar/ros2_ws/src'
[0.082s] Level 1:colcon.colcon_core.package_identification:_identify(.) by extensions ['ignore', 'ignore_ament_install']
[0.082s] Level 1:colcon.colcon_core.package_identification:_identify(.) by extension 'ignore'
[0.082s] Level 1:colcon.colcon_core.package_identification:_identify(.) by extension 'ignore_ament_install'
[0.082s] Level 1:colcon.colcon_core.package_identification:_identify(.) by extensions ['colcon_pkg']
[0.082s] Level 1:colcon.colcon_core.package_identification:_identify(.) by extension 'colcon_pkg'
[0.082s] Level 1:colcon.colcon_core.package_identification:_identify(.) by extensions ['colcon_meta']
[0.082s] Level 1:colcon.colcon_core.package_identification:_identify(.) by extension 'colcon_meta'
[0.082s] Level 1:colcon.colcon_core.package_identification:_identify(.) by extensions ['ros']
[0.082s] Level 1:colcon.colcon_core.package_identification:_identify(.) by extension 'ros'
[0.096s] Level 1:colcon.colcon_core.package_identification:_identify(.) by extensions ['cmake', 'python']
[0.097s] Level 1:colcon.colcon_core.package_identification:_identify(.) by extension 'cmake'
[0.097s] Level 1:colcon.colcon_core.package_identification:_identify(.) by extension 'python'
[0.097s] Level 1:colcon.colcon_core.package_identification:_identify(.) by extensions ['python_setup_py']
[0.097s] Level 1:colcon.colcon_core.package_identification:_identify(.) by extension 'python_setup_py'
[0.097s] Level 1:colcon.colcon_core.package_identification:_identify(brain) by extensions ['ignore', 'ignore_ament_install']
[0.097s] Level 1:colcon.colcon_core.package_identification:_identify(brain) by extension 'ignore'
[0.097s] Level 1:colcon.colcon_core.package_identification:_identify(brain) by extension 'ignore_ament_install'
[0.097s] Level 1:colcon.colcon_core.package_identification:_identify(brain) by extensions ['colcon_pkg']
[0.097s] Level 1:colcon.colcon_core.package_identification:_identify(brain) by extension 'colcon_pkg'
[0.097s] Level 1:colcon.colcon_core.package_identification:_identify(brain) by extensions ['colcon_meta']
[0.097s] Level 1:colcon.colcon_core.package_identification:_identify(brain) by extension 'colcon_meta'
[0.097s] Level 1:colcon.colcon_core.package_identification:_identify(brain) by extensions ['ros']
[0.097s] Level 1:colcon.colcon_core.package_identification:_identify(brain) by extension 'ros'
[0.098s] DEBUG:colcon.colcon_core.package_identification:Package 'brain' with type 'ros.ament_python' and name 'brain'
[0.098s] Level 1:colcon.colcon_core.package_identification:_identify(build) by extensions ['ignore', 'ignore_ament_install']
[0.098s] Level 1:colcon.colcon_core.package_identification:_identify(build) by extension 'ignore'
[0.098s] Level 1:colcon.colcon_core.package_identification:_identify(build) ignored
[0.099s] Level 1:colcon.colcon_core.package_identification:_identify(carla_dgppo_pkg) by extensions ['ignore', 'ignore_ament_install']
[0.099s] Level 1:colcon.colcon_core.package_identification:_identify(carla_dgppo_pkg) by extension 'ignore'
[0.099s] Level 1:colcon.colcon_core.package_identification:_identify(carla_dgppo_pkg) by extension 'ignore_ament_install'
[0.099s] Level 1:colcon.colcon_core.package_identification:_identify(carla_dgppo_pkg) by extensions ['colcon_pkg']
[0.099s] Level 1:colcon.colcon_core.package_identification:_identify(carla_dgppo_pkg) by extension 'colcon_pkg'
[0.099s] Level 1:colcon.colcon_core.package_identification:_identify(carla_dgppo_pkg) by extensions ['colcon_meta']
[0.099s] Level 1:colcon.colcon_core.package_identification:_identify(carla_dgppo_pkg) by extension 'colcon_meta'
[0.099s] Level 1:colcon.colcon_core.package_identification:_identify(carla_dgppo_pkg) by extensions ['ros']
[0.099s] Level 1:colcon.colcon_core.package_identification:_identify(carla_dgppo_pkg) by extension 'ros'
[0.099s] DEBUG:colcon.colcon_core.package_identification:Package 'carla_dgppo_pkg' with type 'ros.ament_python' and name 'carla_dgppo_pkg'
[0.099s] Level 1:colcon.colcon_core.package_identification:_identify(clustering) by extensions ['ignore', 'ignore_ament_install']
[0.099s] Level 1:colcon.colcon_core.package_identification:_identify(clustering) by extension 'ignore'
[0.099s] Level 1:colcon.colcon_core.package_identification:_identify(clustering) by extension 'ignore_ament_install'
[0.099s] Level 1:colcon.colcon_core.package_identification:_identify(clustering) by extensions ['colcon_pkg']
[0.099s] Level 1:colcon.colcon_core.package_identification:_identify(clustering) by extension 'colcon_pkg'
[0.099s] Level 1:colcon.colcon_core.package_identification:_identify(clustering) by extensions ['colcon_meta']
[0.099s] Level 1:colcon.colcon_core.package_identification:_identify(clustering) by extension 'colcon_meta'
[0.099s] Level 1:colcon.colcon_core.package_identification:_identify(clustering) by extensions ['ros']
[0.099s] Level 1:colcon.colcon_core.package_identification:_identify(clustering) by extension 'ros'
[0.099s] DEBUG:colcon.colcon_core.package_identification:Package 'clustering' with type 'ros.ament_python' and name 'clustering'
[0.100s] Level 1:colcon.colcon_core.package_identification:_identify(dgppo_ros_node_pkg) by extensions ['ignore', 'ignore_ament_install']
[0.100s] Level 1:colcon.colcon_core.package_identification:_identify(dgppo_ros_node_pkg) by extension 'ignore'
[0.100s] Level 1:colcon.colcon_core.package_identification:_identify(dgppo_ros_node_pkg) by extension 'ignore_ament_install'
[0.100s] Level 1:colcon.colcon_core.package_identification:_identify(dgppo_ros_node_pkg) by extensions ['colcon_pkg']
[0.100s] Level 1:colcon.colcon_core.package_identification:_identify(dgppo_ros_node_pkg) by extension 'colcon_pkg'
[0.100s] Level 1:colcon.colcon_core.package_identification:_identify(dgppo_ros_node_pkg) by extensions ['colcon_meta']
[0.100s] Level 1:colcon.colcon_core.package_identification:_identify(dgppo_ros_node_pkg) by extension 'colcon_meta'
[0.100s] Level 1:colcon.colcon_core.package_identification:_identify(dgppo_ros_node_pkg) by extensions ['ros']
[0.100s] Level 1:colcon.colcon_core.package_identification:_identify(dgppo_ros_node_pkg) by extension 'ros'
[0.100s] DEBUG:colcon.colcon_core.package_identification:Package 'dgppo_ros_node_pkg' with type 'ros.ament_python' and name 'dgppo_ros_node_pkg'
[0.100s] Level 1:colcon.colcon_core.package_identification:_identify(install) by extensions ['ignore', 'ignore_ament_install']
[0.100s] Level 1:colcon.colcon_core.package_identification:_identify(install) by extension 'ignore'
[0.100s] Level 1:colcon.colcon_core.package_identification:_identify(install) ignored
[0.100s] Level 1:colcon.colcon_core.package_identification:_identify(log) by extensions ['ignore', 'ignore_ament_install']
[0.100s] Level 1:colcon.colcon_core.package_identification:_identify(log) by extension 'ignore'
[0.100s] Level 1:colcon.colcon_core.package_identification:_identify(log) ignored
[0.100s] Level 1:colcon.colcon_core.package_identification:_identify(my_pointcloud_visualizer) by extensions ['ignore', 'ignore_ament_install']
[0.100s] Level 1:colcon.colcon_core.package_identification:_identify(my_pointcloud_visualizer) by extension 'ignore'
[0.100s] Level 1:colcon.colcon_core.package_identification:_identify(my_pointcloud_visualizer) by extension 'ignore_ament_install'
[0.100s] Level 1:colcon.colcon_core.package_identification:_identify(my_pointcloud_visualizer) by extensions ['colcon_pkg']
[0.100s] Level 1:colcon.colcon_core.package_identification:_identify(my_pointcloud_visualizer) by extension 'colcon_pkg'
[0.100s] Level 1:colcon.colcon_core.package_identification:_identify(my_pointcloud_visualizer) by extensions ['colcon_meta']
[0.100s] Level 1:colcon.colcon_core.package_identification:_identify(my_pointcloud_visualizer) by extension 'colcon_meta'
[0.101s] Level 1:colcon.colcon_core.package_identification:_identify(my_pointcloud_visualizer) by extensions ['ros']
[0.101s] Level 1:colcon.colcon_core.package_identification:_identify(my_pointcloud_visualizer) by extension 'ros'
[0.101s] DEBUG:colcon.colcon_core.package_identification:Package 'my_pointcloud_visualizer' with type 'ros.ament_python' and name 'my_pointcloud_visualizer'
[0.101s] Level 1:colcon.colcon_core.package_identification:_identify(py_pubsub) by extensions ['ignore', 'ignore_ament_install']
[0.101s] Level 1:colcon.colcon_core.package_identification:_identify(py_pubsub) by extension 'ignore'
[0.101s] Level 1:colcon.colcon_core.package_identification:_identify(py_pubsub) by extension 'ignore_ament_install'
[0.101s] Level 1:colcon.colcon_core.package_identification:_identify(py_pubsub) by extensions ['colcon_pkg']
[0.101s] Level 1:colcon.colcon_core.package_identification:_identify(py_pubsub) by extension 'colcon_pkg'
[0.101s] Level 1:colcon.colcon_core.package_identification:_identify(py_pubsub) by extensions ['colcon_meta']
[0.101s] Level 1:colcon.colcon_core.package_identification:_identify(py_pubsub) by extension 'colcon_meta'
[0.101s] Level 1:colcon.colcon_core.package_identification:_identify(py_pubsub) by extensions ['ros']
[0.101s] Level 1:colcon.colcon_core.package_identification:_identify(py_pubsub) by extension 'ros'
[0.101s] DEBUG:colcon.colcon_core.package_identification:Package 'py_pubsub' with type 'ros.ament_python' and name 'py_pubsub'
[0.101s] Level 1:colcon.colcon_core.package_identification:_identify(py_sub) by extensions ['ignore', 'ignore_ament_install']
[0.101s] Level 1:colcon.colcon_core.package_identification:_identify(py_sub) by extension 'ignore'
[0.101s] Level 1:colcon.colcon_core.package_identification:_identify(py_sub) by extension 'ignore_ament_install'
[0.101s] Level 1:colcon.colcon_core.package_identification:_identify(py_sub) by extensions ['colcon_pkg']
[0.101s] Level 1:colcon.colcon_core.package_identification:_identify(py_sub) by extension 'colcon_pkg'
[0.101s] Level 1:colcon.colcon_core.package_identification:_identify(py_sub) by extensions ['colcon_meta']
[0.101s] Level 1:colcon.colcon_core.package_identification:_identify(py_sub) by extension 'colcon_meta'
[0.102s] Level 1:colcon.colcon_core.package_identification:_identify(py_sub) by extensions ['ros']
[0.102s] Level 1:colcon.colcon_core.package_identification:_identify(py_sub) by extension 'ros'
[0.102s] DEBUG:colcon.colcon_core.package_identification:Package 'py_sub' with type 'ros.ament_python' and name 'py_sub'
[0.102s] Level 1:colcon.colcon_core.package_identification:_identify(ros2_bag_exporter) by extensions ['ignore', 'ignore_ament_install']
[0.102s] Level 1:colcon.colcon_core.package_identification:_identify(ros2_bag_exporter) by extension 'ignore'
[0.102s] Level 1:colcon.colcon_core.package_identification:_identify(ros2_bag_exporter) ignored
[0.102s] Level 1:colcon.colcon_core.package_identification:_identify(rosbag_converter) by extensions ['ignore', 'ignore_ament_install']
[0.102s] Level 1:colcon.colcon_core.package_identification:_identify(rosbag_converter) by extension 'ignore'
[0.102s] Level 1:colcon.colcon_core.package_identification:_identify(rosbag_converter) by extension 'ignore_ament_install'
[0.102s] Level 1:colcon.colcon_core.package_identification:_identify(rosbag_converter) by extensions ['colcon_pkg']
[0.102s] Level 1:colcon.colcon_core.package_identification:_identify(rosbag_converter) by extension 'colcon_pkg'
[0.102s] Level 1:colcon.colcon_core.package_identification:_identify(rosbag_converter) by extensions ['colcon_meta']
[0.102s] Level 1:colcon.colcon_core.package_identification:_identify(rosbag_converter) by extension 'colcon_meta'
[0.102s] Level 1:colcon.colcon_core.package_identification:_identify(rosbag_converter) by extensions ['ros']
[0.102s] Level 1:colcon.colcon_core.package_identification:_identify(rosbag_converter) by extension 'ros'
[0.102s] DEBUG:colcon.colcon_core.package_identification:Package 'rosbag_converter' with type 'ros.ament_python' and name 'rosbag_converter'
[0.102s] Level 1:colcon.colcon_core.package_identification:_identify(terrain_analysis) by extensions ['ignore', 'ignore_ament_install']
[0.102s] Level 1:colcon.colcon_core.package_identification:_identify(terrain_analysis) by extension 'ignore'
[0.102s] Level 1:colcon.colcon_core.package_identification:_identify(terrain_analysis) by extension 'ignore_ament_install'
[0.102s] Level 1:colcon.colcon_core.package_identification:_identify(terrain_analysis) by extensions ['colcon_pkg']
[0.103s] Level 1:colcon.colcon_core.package_identification:_identify(terrain_analysis) by extension 'colcon_pkg'
[0.103s] Level 1:colcon.colcon_core.package_identification:_identify(terrain_analysis) by extensions ['colcon_meta']
[0.103s] Level 1:colcon.colcon_core.package_identification:_identify(terrain_analysis) by extension 'colcon_meta'
[0.103s] Level 1:colcon.colcon_core.package_identification:_identify(terrain_analysis) by extensions ['ros']
[0.103s] Level 1:colcon.colcon_core.package_identification:_identify(terrain_analysis) by extension 'ros'
[0.103s] DEBUG:colcon.colcon_core.package_identification:Package 'terrain_analysis' with type 'ros.ament_python' and name 'terrain_analysis'
[0.103s] Level 1:colcon.colcon_core.package_discovery:discover_packages(recursive) using defaults
[0.103s] Level 1:colcon.colcon_core.package_discovery:discover_packages(ignore) discover
[0.103s] Level 1:colcon.colcon_core.package_discovery:discover_packages(ignore) using defaults
[0.103s] Level 1:colcon.colcon_core.package_discovery:discover_packages(path) discover
[0.103s] Level 1:colcon.colcon_core.package_discovery:discover_packages(path) using defaults
[0.114s] INFO:colcon.colcon_core.package_selection:Skipping not selected package 'brain' in 'brain'
[0.114s] INFO:colcon.colcon_core.package_selection:Skipping not selected package 'carla_dgppo_pkg' in 'carla_dgppo_pkg'
[0.114s] INFO:colcon.colcon_core.package_selection:Skipping not selected package 'dgppo_ros_node_pkg' in 'dgppo_ros_node_pkg'
[0.114s] INFO:colcon.colcon_core.package_selection:Skipping not selected package 'my_pointcloud_visualizer' in 'my_pointcloud_visualizer'
[0.114s] INFO:colcon.colcon_core.package_selection:Skipping not selected package 'py_pubsub' in 'py_pubsub'
[0.114s] INFO:colcon.colcon_core.package_selection:Skipping not selected package 'py_sub' in 'py_sub'
[0.114s] INFO:colcon.colcon_core.package_selection:Skipping not selected package 'rosbag_converter' in 'rosbag_converter'
[0.114s] INFO:colcon.colcon_core.package_selection:Skipping not selected package 'terrain_analysis' in 'terrain_analysis'
[0.114s] Level 1:colcon.colcon_core.package_discovery:discover_packages(prefix_path) check parameters
[0.114s] Level 1:colcon.colcon_core.package_discovery:discover_packages(prefix_path) discover
[0.115s] DEBUG:colcon.colcon_installed_package_information.package_discovery:Found 1 installed packages in /home/akilasar/ws_livox/install
[0.116s] DEBUG:colcon.colcon_installed_package_information.package_discovery:Found 276 installed packages in /opt/ros/jazzy
[0.116s] Level 1:colcon.colcon_core.package_discovery:discover_packages(prefix_path) using defaults
[0.135s] Level 5:colcon.colcon_core.verb:set package 'clustering' build argument 'cmake_args' from command line to 'None'
[0.135s] Level 5:colcon.colcon_core.verb:set package 'clustering' build argument 'cmake_target' from command line to 'None'
[0.135s] Level 5:colcon.colcon_core.verb:set package 'clustering' build argument 'cmake_target_skip_unavailable' from command line to 'False'
[0.135s] Level 5:colcon.colcon_core.verb:set package 'clustering' build argument 'cmake_clean_cache' from command line to 'False'
[0.135s] Level 5:colcon.colcon_core.verb:set package 'clustering' build argument 'cmake_clean_first' from command line to 'False'
[0.135s] Level 5:colcon.colcon_core.verb:set package 'clustering' build argument 'cmake_force_configure' from command line to 'False'
[0.135s] Level 5:colcon.colcon_core.verb:set package 'clustering' build argument 'ament_cmake_args' from command line to 'None'
[0.135s] Level 5:colcon.colcon_core.verb:set package 'clustering' build argument 'catkin_cmake_args' from command line to 'None'
[0.135s] Level 5:colcon.colcon_core.verb:set package 'clustering' build argument 'catkin_skip_building_tests' from command line to 'False'
[0.135s] DEBUG:colcon.colcon_core.verb:Building package 'clustering' with the following arguments: {'ament_cmake_args': None, 'build_base': '/home/akilasar/ros2_ws/src/build/clustering', 'catkin_cmake_args': None, 'catkin_skip_building_tests': False, 'cmake_args': None, 'cmake_clean_cache': False, 'cmake_clean_first': False, 'cmake_force_configure': False, 'cmake_target': None, 'cmake_target_skip_unavailable': False, 'install_base': '/home/akilasar/ros2_ws/src/install/clustering', 'merge_install': False, 'path': '/home/akilasar/ros2_ws/src/clustering', 'symlink_install': True, 'test_result_base': None}
[0.135s] INFO:colcon.colcon_core.executor:Executing jobs using 'parallel' executor
[0.136s] DEBUG:colcon.colcon_parallel_executor.executor.parallel:run_until_complete
[0.136s] INFO:colcon.colcon_ros.task.ament_python.build:Building ROS package in '/home/akilasar/ros2_ws/src/clustering' with build type 'ament_python'
[0.136s] Level 1:colcon.colcon_core.shell:create_environment_hook('clustering', 'ament_prefix_path')
[0.138s] INFO:colcon.colcon_core.plugin_system:Skipping extension 'colcon_core.shell.bat': Not used on non-Windows systems
[0.138s] INFO:colcon.colcon_core.shell:Creating environment hook '/home/akilasar/ros2_ws/src/install/clustering/share/clustering/hook/ament_prefix_path.ps1'
[0.141s] INFO:colcon.colcon_core.shell:Creating environment descriptor '/home/akilasar/ros2_ws/src/install/clustering/share/clustering/hook/ament_prefix_path.dsv'
[0.142s] INFO:colcon.colcon_core.shell:Creating environment hook '/home/akilasar/ros2_ws/src/install/clustering/share/clustering/hook/ament_prefix_path.sh'
[0.143s] INFO:colcon.colcon_core.shell:Skip shell extension 'powershell' for command environment: Not usable outside of PowerShell
[0.143s] DEBUG:colcon.colcon_core.shell:Skip shell extension 'dsv' for command environment
[0.276s] INFO:colcon.colcon_core.task.python.build:Building Python package in '/home/akilasar/ros2_ws/src/clustering'
[0.276s] INFO:colcon.colcon_core.shell:Skip shell extension 'powershell' for command environment: Not usable outside of PowerShell
[0.276s] DEBUG:colcon.colcon_core.shell:Skip shell extension 'dsv' for command environment
[0.788s] DEBUG:colcon.colcon_core.event_handler.log_command:Invoking command in '/home/akilasar/ros2_ws/src/build/clustering': CONDA_PROMPT_MODIFIER=(base) DEBUGINFOD_URLS=https://debuginfod.ubuntu.com PYTHONPATH=/home/akilasar/ros2_ws/src/build/clustering/prefix_override:/usr/lib/python3/dist-packages/colcon_core/task/python/colcon_distutils_commands:/home/akilasar/ros2_ws/src/install/clustering/lib/python3.12/site-packages:${PYTHONPATH} /usr/bin/python3 -W ignore:setup.py install is deprecated -W ignore:easy_install command is deprecated setup.py develop --editable --build-directory /home/akilasar/ros2_ws/src/build/clustering/build --no-deps symlink_data
[1.166s] Level 1:colcon.colcon_core.shell:create_environment_hook('clustering', 'pythonpath_develop')
[1.166s] INFO:colcon.colcon_core.shell:Creating environment hook '/home/akilasar/ros2_ws/src/build/clustering/share/clustering/hook/pythonpath_develop.ps1'
[1.166s] DEBUG:colcon.colcon_core.event_handler.log_command:Invoked command in '/home/akilasar/ros2_ws/src/build/clustering' returned '0': CONDA_PROMPT_MODIFIER=(base) DEBUGINFOD_URLS=https://debuginfod.ubuntu.com PYTHONPATH=/home/akilasar/ros2_ws/src/build/clustering/prefix_override:/usr/lib/python3/dist-packages/colcon_core/task/python/colcon_distutils_commands:/home/akilasar/ros2_ws/src/install/clustering/lib/python3.12/site-packages:${PYTHONPATH} /usr/bin/python3 -W ignore:setup.py install is deprecated -W ignore:easy_install command is deprecated setup.py develop --editable --build-directory /home/akilasar/ros2_ws/src/build/clustering/build --no-deps symlink_data
[1.167s] INFO:colcon.colcon_core.shell:Creating environment descriptor '/home/akilasar/ros2_ws/src/build/clustering/share/clustering/hook/pythonpath_develop.dsv'
[1.167s] INFO:colcon.colcon_core.shell:Creating environment hook '/home/akilasar/ros2_ws/src/build/clustering/share/clustering/hook/pythonpath_develop.sh'
[1.173s] Level 1:colcon.colcon_core.environment:checking '/home/akilasar/ros2_ws/src/install/clustering' for CMake module files
[1.173s] Level 1:colcon.colcon_core.environment:checking '/home/akilasar/ros2_ws/src/install/clustering' for CMake config files
[1.174s] Level 1:colcon.colcon_core.environment:checking '/home/akilasar/ros2_ws/src/install/clustering/lib'
[1.174s] Level 1:colcon.colcon_core.environment:checking '/home/akilasar/ros2_ws/src/install/clustering/bin'
[1.174s] Level 1:colcon.colcon_core.environment:checking '/home/akilasar/ros2_ws/src/install/clustering/lib/pkgconfig/clustering.pc'
[1.174s] Level 1:colcon.colcon_core.environment:checking '/home/akilasar/ros2_ws/src/install/clustering/lib/python3.12/site-packages'
[1.174s] Level 1:colcon.colcon_core.shell:create_environment_hook('clustering', 'pythonpath')
[1.174s] INFO:colcon.colcon_core.shell:Creating environment hook '/home/akilasar/ros2_ws/src/install/clustering/share/clustering/hook/pythonpath.ps1'
[1.175s] INFO:colcon.colcon_core.shell:Creating environment descriptor '/home/akilasar/ros2_ws/src/install/clustering/share/clustering/hook/pythonpath.dsv'
[1.175s] INFO:colcon.colcon_core.shell:Creating environment hook '/home/akilasar/ros2_ws/src/install/clustering/share/clustering/hook/pythonpath.sh'
[1.176s] Level 1:colcon.colcon_core.environment:checking '/home/akilasar/ros2_ws/src/install/clustering/bin'
[1.176s] Level 1:colcon.colcon_core.environment:create_environment_scripts_only(clustering)
[1.176s] INFO:colcon.colcon_core.shell:Creating package script '/home/akilasar/ros2_ws/src/install/clustering/share/clustering/package.ps1'
[1.176s] INFO:colcon.colcon_core.shell:Creating package descriptor '/home/akilasar/ros2_ws/src/install/clustering/share/clustering/package.dsv'
[1.177s] INFO:colcon.colcon_core.shell:Creating package script '/home/akilasar/ros2_ws/src/install/clustering/share/clustering/package.sh'
[1.177s] INFO:colcon.colcon_core.shell:Creating package script '/home/akilasar/ros2_ws/src/install/clustering/share/clustering/package.bash'
[1.178s] INFO:colcon.colcon_core.shell:Creating package script '/home/akilasar/ros2_ws/src/install/clustering/share/clustering/package.zsh'
[1.178s] Level 1:colcon.colcon_core.environment:create_file_with_runtime_dependencies(/home/akilasar/ros2_ws/src/install/clustering/share/colcon-core/packages/clustering)
[1.179s] DEBUG:colcon.colcon_parallel_executor.executor.parallel:closing loop
[1.179s] DEBUG:colcon.colcon_parallel_executor.executor.parallel:loop closed
[1.179s] DEBUG:colcon.colcon_parallel_executor.executor.parallel:run_until_complete finished with '0'
[1.179s] DEBUG:colcon.colcon_core.event_reactor:joining thread
[1.184s] INFO:colcon.colcon_core.plugin_system:Skipping extension 'colcon_notification.desktop_notification.terminal_notifier': Not used on non-Darwin systems
[1.184s] INFO:colcon.colcon_core.plugin_system:Skipping extension 'colcon_notification.desktop_notification.win32': Not used on non-Windows systems
[1.184s] INFO:colcon.colcon_notification.desktop_notification:Sending desktop notification using 'notify2'
[1.205s] DEBUG:colcon.colcon_core.event_reactor:joined thread
[1.206s] INFO:colcon.colcon_core.shell:Creating prefix script '/home/akilasar/ros2_ws/src/install/local_setup.ps1'
[1.207s] INFO:colcon.colcon_core.shell:Creating prefix util module '/home/akilasar/ros2_ws/src/install/_local_setup_util_ps1.py'
[1.207s] INFO:colcon.colcon_core.shell:Creating prefix chain script '/home/akilasar/ros2_ws/src/install/setup.ps1'
[1.208s] INFO:colcon.colcon_core.shell:Creating prefix script '/home/akilasar/ros2_ws/src/install/local_setup.sh'
[1.209s] INFO:colcon.colcon_core.shell:Creating prefix util module '/home/akilasar/ros2_ws/src/install/_local_setup_util_sh.py'
[1.209s] INFO:colcon.colcon_core.shell:Creating prefix chain script '/home/akilasar/ros2_ws/src/install/setup.sh'
[1.210s] INFO:colcon.colcon_core.shell:Creating prefix script '/home/akilasar/ros2_ws/src/install/local_setup.bash'
[1.210s] INFO:colcon.colcon_core.shell:Creating prefix chain script '/home/akilasar/ros2_ws/src/install/setup.bash'
[1.210s] INFO:colcon.colcon_core.shell:Creating prefix script '/home/akilasar/ros2_ws/src/install/local_setup.zsh'
[1.211s] INFO:colcon.colcon_core.shell:Creating prefix chain script '/home/akilasar/ros2_ws/src/install/setup.zsh'
