[0.119s] DEBUG:colcon:Command line arguments: ['/usr/bin/colcon', 'build', '--symlink-install', '--packages-select', 'clustering/']
[0.119s] DEBUG:colcon:Parsed command line arguments: Namespace(log_base=None, log_level=None, verb_name='build', build_base='build', install_base='install', merge_install=False, symlink_install=True, test_result_base=None, continue_on_error=False, executor='parallel', parallel_workers=16, event_handlers=None, ignore_user_meta=False, metas=['./colcon.meta'], base_paths=['.'], packages_ignore=None, packages_ignore_regex=None, paths=None, packages_up_to=None, packages_up_to_regex=None, packages_above=None, packages_above_and_dependencies=None, packages_above_depth=None, packages_select_by_dep=None, packages_skip_by_dep=None, packages_skip_up_to=None, packages_select_build_failed=False, packages_skip_build_finished=False, packages_select_test_failures=False, packages_skip_test_passed=False, packages_select=['clustering/'], packages_skip=None, packages_select_regex=None, packages_skip_regex=None, packages_start=None, packages_end=None, allow_overriding=[], cmake_args=None, cmake_target=None, cmake_target_skip_unavailable=False, cmake_clean_cache=False, cmake_clean_first=False, cmake_force_configure=False, ament_cmake_args=None, catkin_cmake_args=None, catkin_skip_building_tests=False, mixin_files=None, mixin=None, verb_parser=<colcon_mixin.mixin.mixin_argument.MixinArgumentDecorator object at 0x739d1a68e7e0>, verb_extension=<colcon_core.verb.build.BuildVerb object at 0x739d1a772150>, main=<bound method BuildVerb.main of <colcon_core.verb.build.BuildVerb object at 0x739d1a772150>>, mixin_verb=('build',))
[0.175s] Level 1:colcon.colcon_core.package_discovery:discover_packages(colcon_meta) check parameters
[0.175s] Level 1:colcon.colcon_core.package_discovery:discover_packages(recursive) check parameters
[0.175s] Level 1:colcon.colcon_core.package_discovery:discover_packages(ignore) check parameters
[0.175s] Level 1:colcon.colcon_core.package_discovery:discover_packages(path) check parameters
[0.175s] Level 1:colcon.colcon_core.package_discovery:discover_packages(colcon_meta) discover
[0.175s] Level 1:colcon.colcon_core.package_discovery:discover_packages(recursive) discover
[0.175s] INFO:colcon.colcon_core.package_discovery:Crawling recursively for packages in '/home/akilasar/ros2_ws/src'
[0.175s] Level 1:colcon.colcon_core.package_identification:_identify(.) by extensions ['ignore', 'ignore_ament_install']
[0.175s] Level 1:colcon.colcon_core.package_identification:_identify(.) by extension 'ignore'
[0.175s] Level 1:colcon.colcon_core.package_identification:_identify(.) by extension 'ignore_ament_install'
[0.175s] Level 1:colcon.colcon_core.package_identification:_identify(.) by extensions ['colcon_pkg']
[0.175s] Level 1:colcon.colcon_core.package_identification:_identify(.) by extension 'colcon_pkg'
[0.175s] Level 1:colcon.colcon_core.package_identification:_identify(.) by extensions ['colcon_meta']
[0.175s] Level 1:colcon.colcon_core.package_identification:_identify(.) by extension 'colcon_meta'
[0.175s] Level 1:colcon.colcon_core.package_identification:_identify(.) by extensions ['ros']
[0.176s] Level 1:colcon.colcon_core.package_identification:_identify(.) by extension 'ros'
[0.230s] Level 1:colcon.colcon_core.package_identification:_identify(.) by extensions ['cmake', 'python']
[0.231s] Level 1:colcon.colcon_core.package_identification:_identify(.) by extension 'cmake'
[0.231s] Level 1:colcon.colcon_core.package_identification:_identify(.) by extension 'python'
[0.231s] Level 1:colcon.colcon_core.package_identification:_identify(.) by extensions ['python_setup_py']
[0.231s] Level 1:colcon.colcon_core.package_identification:_identify(.) by extension 'python_setup_py'
[0.231s] Level 1:colcon.colcon_core.package_identification:_identify(brain) by extensions ['ignore', 'ignore_ament_install']
[0.231s] Level 1:colcon.colcon_core.package_identification:_identify(brain) by extension 'ignore'
[0.231s] Level 1:colcon.colcon_core.package_identification:_identify(brain) by extension 'ignore_ament_install'
[0.231s] Level 1:colcon.colcon_core.package_identification:_identify(brain) by extensions ['colcon_pkg']
[0.231s] Level 1:colcon.colcon_core.package_identification:_identify(brain) by extension 'colcon_pkg'
[0.231s] Level 1:colcon.colcon_core.package_identification:_identify(brain) by extensions ['colcon_meta']
[0.231s] Level 1:colcon.colcon_core.package_identification:_identify(brain) by extension 'colcon_meta'
[0.231s] Level 1:colcon.colcon_core.package_identification:_identify(brain) by extensions ['ros']
[0.231s] Level 1:colcon.colcon_core.package_identification:_identify(brain) by extension 'ros'
[0.234s] DEBUG:colcon.colcon_core.package_identification:Package 'brain' with type 'ros.ament_python' and name 'brain'
[0.234s] Level 1:colcon.colcon_core.package_identification:_identify(build) by extensions ['ignore', 'ignore_ament_install']
[0.234s] Level 1:colcon.colcon_core.package_identification:_identify(build) by extension 'ignore'
[0.234s] Level 1:colcon.colcon_core.package_identification:_identify(build) ignored
[0.234s] Level 1:colcon.colcon_core.package_identification:_identify(carla_dgppo_pkg) by extensions ['ignore', 'ignore_ament_install']
[0.234s] Level 1:colcon.colcon_core.package_identification:_identify(carla_dgppo_pkg) by extension 'ignore'
[0.234s] Level 1:colcon.colcon_core.package_identification:_identify(carla_dgppo_pkg) by extension 'ignore_ament_install'
[0.234s] Level 1:colcon.colcon_core.package_identification:_identify(carla_dgppo_pkg) by extensions ['colcon_pkg']
[0.234s] Level 1:colcon.colcon_core.package_identification:_identify(carla_dgppo_pkg) by extension 'colcon_pkg'
[0.234s] Level 1:colcon.colcon_core.package_identification:_identify(carla_dgppo_pkg) by extensions ['colcon_meta']
[0.234s] Level 1:colcon.colcon_core.package_identification:_identify(carla_dgppo_pkg) by extension 'colcon_meta'
[0.234s] Level 1:colcon.colcon_core.package_identification:_identify(carla_dgppo_pkg) by extensions ['ros']
[0.234s] Level 1:colcon.colcon_core.package_identification:_identify(carla_dgppo_pkg) by extension 'ros'
[0.234s] DEBUG:colcon.colcon_core.package_identification:Package 'carla_dgppo_pkg' with type 'ros.ament_python' and name 'carla_dgppo_pkg'
[0.235s] Level 1:colcon.colcon_core.package_identification:_identify(clustering) by extensions ['ignore', 'ignore_ament_install']
[0.235s] Level 1:colcon.colcon_core.package_identification:_identify(clustering) by extension 'ignore'
[0.235s] Level 1:colcon.colcon_core.package_identification:_identify(clustering) by extension 'ignore_ament_install'
[0.235s] Level 1:colcon.colcon_core.package_identification:_identify(clustering) by extensions ['colcon_pkg']
[0.235s] Level 1:colcon.colcon_core.package_identification:_identify(clustering) by extension 'colcon_pkg'
[0.235s] Level 1:colcon.colcon_core.package_identification:_identify(clustering) by extensions ['colcon_meta']
[0.235s] Level 1:colcon.colcon_core.package_identification:_identify(clustering) by extension 'colcon_meta'
[0.235s] Level 1:colcon.colcon_core.package_identification:_identify(clustering) by extensions ['ros']
[0.235s] Level 1:colcon.colcon_core.package_identification:_identify(clustering) by extension 'ros'
[0.235s] DEBUG:colcon.colcon_core.package_identification:Package 'clustering' with type 'ros.ament_python' and name 'clustering'
[0.235s] Level 1:colcon.colcon_core.package_identification:_identify(dgppo_ros_node_pkg) by extensions ['ignore', 'ignore_ament_install']
[0.235s] Level 1:colcon.colcon_core.package_identification:_identify(dgppo_ros_node_pkg) by extension 'ignore'
[0.235s] Level 1:colcon.colcon_core.package_identification:_identify(dgppo_ros_node_pkg) by extension 'ignore_ament_install'
[0.235s] Level 1:colcon.colcon_core.package_identification:_identify(dgppo_ros_node_pkg) by extensions ['colcon_pkg']
[0.235s] Level 1:colcon.colcon_core.package_identification:_identify(dgppo_ros_node_pkg) by extension 'colcon_pkg'
[0.235s] Level 1:colcon.colcon_core.package_identification:_identify(dgppo_ros_node_pkg) by extensions ['colcon_meta']
[0.235s] Level 1:colcon.colcon_core.package_identification:_identify(dgppo_ros_node_pkg) by extension 'colcon_meta'
[0.235s] Level 1:colcon.colcon_core.package_identification:_identify(dgppo_ros_node_pkg) by extensions ['ros']
[0.235s] Level 1:colcon.colcon_core.package_identification:_identify(dgppo_ros_node_pkg) by extension 'ros'
[0.236s] DEBUG:colcon.colcon_core.package_identification:Package 'dgppo_ros_node_pkg' with type 'ros.ament_python' and name 'dgppo_ros_node_pkg'
[0.236s] Level 1:colcon.colcon_core.package_identification:_identify(install) by extensions ['ignore', 'ignore_ament_install']
[0.236s] Level 1:colcon.colcon_core.package_identification:_identify(install) by extension 'ignore'
[0.236s] Level 1:colcon.colcon_core.package_identification:_identify(install) ignored
[0.236s] Level 1:colcon.colcon_core.package_identification:_identify(log) by extensions ['ignore', 'ignore_ament_install']
[0.236s] Level 1:colcon.colcon_core.package_identification:_identify(log) by extension 'ignore'
[0.236s] Level 1:colcon.colcon_core.package_identification:_identify(log) ignored
[0.236s] Level 1:colcon.colcon_core.package_identification:_identify(my_pointcloud_visualizer) by extensions ['ignore', 'ignore_ament_install']
[0.236s] Level 1:colcon.colcon_core.package_identification:_identify(my_pointcloud_visualizer) by extension 'ignore'
[0.236s] Level 1:colcon.colcon_core.package_identification:_identify(my_pointcloud_visualizer) by extension 'ignore_ament_install'
[0.236s] Level 1:colcon.colcon_core.package_identification:_identify(my_pointcloud_visualizer) by extensions ['colcon_pkg']
[0.236s] Level 1:colcon.colcon_core.package_identification:_identify(my_pointcloud_visualizer) by extension 'colcon_pkg'
[0.236s] Level 1:colcon.colcon_core.package_identification:_identify(my_pointcloud_visualizer) by extensions ['colcon_meta']
[0.236s] Level 1:colcon.colcon_core.package_identification:_identify(my_pointcloud_visualizer) by extension 'colcon_meta'
[0.236s] Level 1:colcon.colcon_core.package_identification:_identify(my_pointcloud_visualizer) by extensions ['ros']
[0.236s] Level 1:colcon.colcon_core.package_identification:_identify(my_pointcloud_visualizer) by extension 'ros'
[0.237s] DEBUG:colcon.colcon_core.package_identification:Package 'my_pointcloud_visualizer' with type 'ros.ament_python' and name 'my_pointcloud_visualizer'
[0.237s] Level 1:colcon.colcon_core.package_identification:_identify(py_pubsub) by extensions ['ignore', 'ignore_ament_install']
[0.237s] Level 1:colcon.colcon_core.package_identification:_identify(py_pubsub) by extension 'ignore'
[0.237s] Level 1:colcon.colcon_core.package_identification:_identify(py_pubsub) by extension 'ignore_ament_install'
[0.237s] Level 1:colcon.colcon_core.package_identification:_identify(py_pubsub) by extensions ['colcon_pkg']
[0.237s] Level 1:colcon.colcon_core.package_identification:_identify(py_pubsub) by extension 'colcon_pkg'
[0.237s] Level 1:colcon.colcon_core.package_identification:_identify(py_pubsub) by extensions ['colcon_meta']
[0.237s] Level 1:colcon.colcon_core.package_identification:_identify(py_pubsub) by extension 'colcon_meta'
[0.237s] Level 1:colcon.colcon_core.package_identification:_identify(py_pubsub) by extensions ['ros']
[0.237s] Level 1:colcon.colcon_core.package_identification:_identify(py_pubsub) by extension 'ros'
[0.238s] DEBUG:colcon.colcon_core.package_identification:Package 'py_pubsub' with type 'ros.ament_python' and name 'py_pubsub'
[0.238s] Level 1:colcon.colcon_core.package_identification:_identify(py_sub) by extensions ['ignore', 'ignore_ament_install']
[0.238s] Level 1:colcon.colcon_core.package_identification:_identify(py_sub) by extension 'ignore'
[0.238s] Level 1:colcon.colcon_core.package_identification:_identify(py_sub) by extension 'ignore_ament_install'
[0.238s] Level 1:colcon.colcon_core.package_identification:_identify(py_sub) by extensions ['colcon_pkg']
[0.238s] Level 1:colcon.colcon_core.package_identification:_identify(py_sub) by extension 'colcon_pkg'
[0.238s] Level 1:colcon.colcon_core.package_identification:_identify(py_sub) by extensions ['colcon_meta']
[0.238s] Level 1:colcon.colcon_core.package_identification:_identify(py_sub) by extension 'colcon_meta'
[0.238s] Level 1:colcon.colcon_core.package_identification:_identify(py_sub) by extensions ['ros']
[0.238s] Level 1:colcon.colcon_core.package_identification:_identify(py_sub) by extension 'ros'
[0.239s] DEBUG:colcon.colcon_core.package_identification:Package 'py_sub' with type 'ros.ament_python' and name 'py_sub'
[0.239s] Level 1:colcon.colcon_core.package_identification:_identify(ros2_bag_exporter) by extensions ['ignore', 'ignore_ament_install']
[0.239s] Level 1:colcon.colcon_core.package_identification:_identify(ros2_bag_exporter) by extension 'ignore'
[0.239s] Level 1:colcon.colcon_core.package_identification:_identify(ros2_bag_exporter) ignored
[0.239s] Level 1:colcon.colcon_core.package_identification:_identify(rosbag_converter) by extensions ['ignore', 'ignore_ament_install']
[0.239s] Level 1:colcon.colcon_core.package_identification:_identify(rosbag_converter) by extension 'ignore'
[0.240s] Level 1:colcon.colcon_core.package_identification:_identify(rosbag_converter) by extension 'ignore_ament_install'
[0.240s] Level 1:colcon.colcon_core.package_identification:_identify(rosbag_converter) by extensions ['colcon_pkg']
[0.240s] Level 1:colcon.colcon_core.package_identification:_identify(rosbag_converter) by extension 'colcon_pkg'
[0.240s] Level 1:colcon.colcon_core.package_identification:_identify(rosbag_converter) by extensions ['colcon_meta']
[0.240s] Level 1:colcon.colcon_core.package_identification:_identify(rosbag_converter) by extension 'colcon_meta'
[0.240s] Level 1:colcon.colcon_core.package_identification:_identify(rosbag_converter) by extensions ['ros']
[0.240s] Level 1:colcon.colcon_core.package_identification:_identify(rosbag_converter) by extension 'ros'
[0.240s] DEBUG:colcon.colcon_core.package_identification:Package 'rosbag_converter' with type 'ros.ament_python' and name 'rosbag_converter'
[0.240s] Level 1:colcon.colcon_core.package_identification:_identify(terrain_analysis) by extensions ['ignore', 'ignore_ament_install']
[0.240s] Level 1:colcon.colcon_core.package_identification:_identify(terrain_analysis) by extension 'ignore'
[0.240s] Level 1:colcon.colcon_core.package_identification:_identify(terrain_analysis) by extension 'ignore_ament_install'
[0.240s] Level 1:colcon.colcon_core.package_identification:_identify(terrain_analysis) by extensions ['colcon_pkg']
[0.240s] Level 1:colcon.colcon_core.package_identification:_identify(terrain_analysis) by extension 'colcon_pkg'
[0.240s] Level 1:colcon.colcon_core.package_identification:_identify(terrain_analysis) by extensions ['colcon_meta']
[0.240s] Level 1:colcon.colcon_core.package_identification:_identify(terrain_analysis) by extension 'colcon_meta'
[0.240s] Level 1:colcon.colcon_core.package_identification:_identify(terrain_analysis) by extensions ['ros']
[0.240s] Level 1:colcon.colcon_core.package_identification:_identify(terrain_analysis) by extension 'ros'
[0.240s] DEBUG:colcon.colcon_core.package_identification:Package 'terrain_analysis' with type 'ros.ament_python' and name 'terrain_analysis'
[0.241s] Level 1:colcon.colcon_core.package_discovery:discover_packages(recursive) using defaults
[0.241s] Level 1:colcon.colcon_core.package_discovery:discover_packages(ignore) discover
[0.241s] Level 1:colcon.colcon_core.package_discovery:discover_packages(ignore) using defaults
[0.241s] Level 1:colcon.colcon_core.package_discovery:discover_packages(path) discover
[0.241s] Level 1:colcon.colcon_core.package_discovery:discover_packages(path) using defaults
[0.241s] WARNING:colcon.colcon_core.package_selection:ignoring unknown package 'clustering/' in --packages-select
[0.270s] INFO:colcon.colcon_core.package_selection:Skipping not selected package 'brain' in 'brain'
[0.271s] INFO:colcon.colcon_core.package_selection:Skipping not selected package 'carla_dgppo_pkg' in 'carla_dgppo_pkg'
[0.271s] INFO:colcon.colcon_core.package_selection:Skipping not selected package 'clustering' in 'clustering'
[0.271s] INFO:colcon.colcon_core.package_selection:Skipping not selected package 'dgppo_ros_node_pkg' in 'dgppo_ros_node_pkg'
[0.271s] INFO:colcon.colcon_core.package_selection:Skipping not selected package 'my_pointcloud_visualizer' in 'my_pointcloud_visualizer'
[0.271s] INFO:colcon.colcon_core.package_selection:Skipping not selected package 'py_pubsub' in 'py_pubsub'
[0.271s] INFO:colcon.colcon_core.package_selection:Skipping not selected package 'py_sub' in 'py_sub'
[0.271s] INFO:colcon.colcon_core.package_selection:Skipping not selected package 'rosbag_converter' in 'rosbag_converter'
[0.271s] INFO:colcon.colcon_core.package_selection:Skipping not selected package 'terrain_analysis' in 'terrain_analysis'
[0.271s] Level 1:colcon.colcon_core.package_discovery:discover_packages(prefix_path) check parameters
[0.271s] Level 1:colcon.colcon_core.package_discovery:discover_packages(prefix_path) discover
[0.273s] DEBUG:colcon.colcon_installed_package_information.package_discovery:Found 1 installed packages in /home/akilasar/ws_livox/install
[0.274s] DEBUG:colcon.colcon_installed_package_information.package_discovery:Found 276 installed packages in /opt/ros/jazzy
[0.274s] Level 1:colcon.colcon_core.package_discovery:discover_packages(prefix_path) using defaults
[0.297s] INFO:colcon.colcon_core.executor:Executing jobs using 'parallel' executor
[0.298s] DEBUG:colcon.colcon_parallel_executor.executor.parallel:run_until_complete
[0.299s] DEBUG:colcon.colcon_parallel_executor.executor.parallel:closing loop
[0.299s] DEBUG:colcon.colcon_parallel_executor.executor.parallel:loop closed
[0.299s] DEBUG:colcon.colcon_parallel_executor.executor.parallel:run_until_complete finished with '0'
[0.299s] DEBUG:colcon.colcon_core.event_reactor:joining thread
[0.303s] INFO:colcon.colcon_core.plugin_system:Skipping extension 'colcon_notification.desktop_notification.terminal_notifier': Not used on non-Darwin systems
[0.303s] INFO:colcon.colcon_core.plugin_system:Skipping extension 'colcon_notification.desktop_notification.win32': Not used on non-Windows systems
[0.303s] INFO:colcon.colcon_notification.desktop_notification:Sending desktop notification using 'notify2'
[0.324s] DEBUG:colcon.colcon_core.event_reactor:joined thread
[0.330s] INFO:colcon.colcon_core.plugin_system:Skipping extension 'colcon_core.shell.bat': Not used on non-Windows systems
[0.330s] INFO:colcon.colcon_core.shell:Creating prefix script '/home/akilasar/ros2_ws/src/install/local_setup.ps1'
[0.331s] INFO:colcon.colcon_core.shell:Creating prefix util module '/home/akilasar/ros2_ws/src/install/_local_setup_util_ps1.py'
[0.332s] INFO:colcon.colcon_core.shell:Creating prefix chain script '/home/akilasar/ros2_ws/src/install/setup.ps1'
[0.333s] INFO:colcon.colcon_core.shell:Creating prefix script '/home/akilasar/ros2_ws/src/install/local_setup.sh'
[0.334s] INFO:colcon.colcon_core.shell:Creating prefix util module '/home/akilasar/ros2_ws/src/install/_local_setup_util_sh.py'
[0.334s] INFO:colcon.colcon_core.shell:Creating prefix chain script '/home/akilasar/ros2_ws/src/install/setup.sh'
[0.335s] INFO:colcon.colcon_core.shell:Creating prefix script '/home/akilasar/ros2_ws/src/install/local_setup.bash'
[0.335s] INFO:colcon.colcon_core.shell:Creating prefix chain script '/home/akilasar/ros2_ws/src/install/setup.bash'
[0.336s] INFO:colcon.colcon_core.shell:Creating prefix script '/home/akilasar/ros2_ws/src/install/local_setup.zsh'
[0.336s] INFO:colcon.colcon_core.shell:Creating prefix chain script '/home/akilasar/ros2_ws/src/install/setup.zsh'
