[0.650s] Invoking command in '/home/akilasar/ros2_ws/src/build/clustering': CONDA_PROMPT_MODIFIER=(base) DEBUGINFOD_URLS=https://debuginfod.ubuntu.com PYTHONPATH=/home/akilasar/ros2_ws/src/build/clustering/prefix_override:/usr/lib/python3/dist-packages/colcon_core/task/python/colcon_distutils_commands:/home/akilasar/ros2_ws/src/install/clustering/lib/python3.12/site-packages:${PYTHONPATH} /usr/bin/python3 -W ignore:setup.py install is deprecated -W ignore:easy_install command is deprecated setup.py develop --editable --build-directory /home/akilasar/ros2_ws/src/build/clustering/build --no-deps symlink_data
[0.843s] running develop
[0.958s] running egg_info
[0.958s] creating clustering.egg-info
[0.969s] writing clustering.egg-info/PKG-INFO
[0.969s] writing dependency_links to clustering.egg-info/dependency_links.txt
[0.969s] writing entry points to clustering.egg-info/entry_points.txt
[0.970s] writing requirements to clustering.egg-info/requires.txt
[0.970s] writing top-level names to clustering.egg-info/top_level.txt
[0.970s] writing manifest file 'clustering.egg-info/SOURCES.txt'
[0.991s] reading manifest file 'clustering.egg-info/SOURCES.txt'
[0.992s] writing manifest file 'clustering.egg-info/SOURCES.txt'
[1.003s] running build_ext
[1.003s] Creating /home/akilasar/ros2_ws/src/install/clustering/lib/python3.12/site-packages/clustering.egg-link (link to .)
[1.003s] Installing carla_scaling script to /home/akilasar/ros2_ws/src/install/clustering/lib/clustering
[1.003s] Installing clock_publisher script to /home/akilasar/ros2_ws/src/install/clustering/lib/clustering
[1.004s] Installing live_cluster_inference_node script to /home/akilasar/ros2_ws/src/install/clustering/lib/clustering
[1.004s] 
[1.004s] Installed /home/akilasar/ros2_ws/src/build/clustering
[1.004s] running symlink_data
[1.004s] creating /home/akilasar/ros2_ws/src/install/clustering/share/ament_index
[1.004s] creating /home/akilasar/ros2_ws/src/install/clustering/share/ament_index/resource_index
[1.004s] creating /home/akilasar/ros2_ws/src/install/clustering/share/ament_index/resource_index/packages
[1.004s] symbolically linking /home/akilasar/ros2_ws/src/build/clustering/resource/clustering -> /home/akilasar/ros2_ws/src/install/clustering/share/ament_index/resource_index/packages
[1.004s] symbolically linking /home/akilasar/ros2_ws/src/build/clustering/package.xml -> /home/akilasar/ros2_ws/src/install/clustering/share/clustering
[1.004s] creating /home/akilasar/ros2_ws/src/install/clustering/share/clustering/launch
[1.004s] symbolically linking /home/akilasar/ros2_ws/src/build/clustering/launch/pointcloud_to_laserscan.launch.py -> /home/akilasar/ros2_ws/src/install/clustering/share/clustering/launch
[1.004s] creating /home/akilasar/ros2_ws/src/install/clustering/share/clustering/config
[1.004s] symbolically linking /home/akilasar/ros2_ws/src/build/clustering/config/ekf.yaml -> /home/akilasar/ros2_ws/src/install/clustering/share/clustering/config
[1.029s] Invoked command in '/home/akilasar/ros2_ws/src/build/clustering' returned '0': CONDA_PROMPT_MODIFIER=(base) DEBUGINFOD_URLS=https://debuginfod.ubuntu.com PYTHONPATH=/home/akilasar/ros2_ws/src/build/clustering/prefix_override:/usr/lib/python3/dist-packages/colcon_core/task/python/colcon_distutils_commands:/home/akilasar/ros2_ws/src/install/clustering/lib/python3.12/site-packages:${PYTHONPATH} /usr/bin/python3 -W ignore:setup.py install is deprecated -W ignore:easy_install command is deprecated setup.py develop --editable --build-directory /home/akilasar/ros2_ws/src/build/clustering/build --no-deps symlink_data
